// Jest Snapshot v1, https://goo.gl/fbAQLP

exports[`App matches snapshot 1`] = `
<DocumentFragment>
  <div
    class="App"
  >
    <main>
      <svg
        class="disc"
        data-testid="disc"
      >
        <image
          href="/art.png"
        />
        <image
          href="mask0.png"
        />
        <image
          href="mask1.png"
        />
        <image
          href="mask2.png"
        />
        <image
          href="mask3.png"
        />
        <image
          href="mask4.png"
        />
        <image
          href="mask5.png"
        />
      </svg>
      <div
        class="content"
        data-testid="content"
      >
        <div
          class="content__text"
          style="opacity: 0;"
        >
          Call to Action
        </div>
      </div>
    </main>
  </div>
</DocumentFragment>
`;
